MPLINK 5.09, LINKER
Linker Map File - Created Wed Aug 10 18:34:34 2022

                                 Section Info
                  Section       Type    Address   Location Size(Bytes)
                ---------  ---------  ---------  ---------  ---------
                   .org_0       code   0x000000    program   0x00002a
                   .cinit    romdata   0x000015    program   0x000004
.config_0FFF_BUILD/DEFAULT/PRODUCTION/MAIN.O       code   0x000fff    program   0x000002



                              Program Memory Usage 
                               Start         End      
                           ---------   ---------      
                            0x000000    0x000016      
                            0x000fff    0x000fff      
            24 out of 261 program addresses used, program memory utilization is 9%



                              Symbols - Sorted by Name
                     Name    Address   Location    Storage File                     
                ---------  ---------  ---------  --------- ---------                
                    DELAY   0x000010    program     static C:\Users\KVentayen\MPLABXProjects\Part 7.1.X\main.asm
               DELAY_LOOP   0x000012    program     static C:\Users\KVentayen\MPLABXProjects\Part 7.1.X\main.asm
                     INIT   0x000000    program     static C:\Users\KVentayen\MPLABXProjects\Part 7.1.X\main.asm
                 INT_LOOP   0x000006    program     static C:\Users\KVentayen\MPLABXProjects\Part 7.1.X\main.asm
                     LOOP   0x000003    program     static C:\Users\KVentayen\MPLABXProjects\Part 7.1.X\main.asm
             _.org_0_0009   0x000009    program     static C:\Users\KVentayen\MPLABXProjects\Part 7.1.X\main.asm



                              Symbols - Sorted by Address
                     Name    Address   Location    Storage File                     
                ---------  ---------  ---------  --------- ---------                
                     INIT   0x000000    program     static C:\Users\KVentayen\MPLABXProjects\Part 7.1.X\main.asm
                     LOOP   0x000003    program     static C:\Users\KVentayen\MPLABXProjects\Part 7.1.X\main.asm
                 INT_LOOP   0x000006    program     static C:\Users\KVentayen\MPLABXProjects\Part 7.1.X\main.asm
             _.org_0_0009   0x000009    program     static C:\Users\KVentayen\MPLABXProjects\Part 7.1.X\main.asm
                    DELAY   0x000010    program     static C:\Users\KVentayen\MPLABXProjects\Part 7.1.X\main.asm
               DELAY_LOOP   0x000012    program     static C:\Users\KVentayen\MPLABXProjects\Part 7.1.X\main.asm


