MPLINK 5.09, LINKER
Linker Map File - Created Mon Aug 08 12:16:12 2022

                                 Section Info
                  Section       Type    Address   Location Size(Bytes)
                ---------  ---------  ---------  ---------  ---------
                   .org_0       code   0x000000    program   0x000022
                   .cinit    romdata   0x000011    program   0x000004
.config_0FFF_BUILD/DEFAULT/PRODUCTION/MAIN.O       code   0x000fff    program   0x000002



                              Program Memory Usage 
                               Start         End      
                           ---------   ---------      
                            0x000000    0x000012      
                            0x000fff    0x000fff      
            20 out of 261 program addresses used, program memory utilization is 7%



                              Symbols - Sorted by Name
                     Name    Address   Location    Storage File                     
                ---------  ---------  ---------  --------- ---------                
                    DELAY   0x000009    program     static C:\Users\KVentayen\MPLABXProjects\Part 6.1.X\main.asm
               DELAY_LOOP   0x00000c    program     static C:\Users\KVentayen\MPLABXProjects\Part 6.1.X\main.asm
                     INIT   0x000000    program     static C:\Users\KVentayen\MPLABXProjects\Part 6.1.X\main.asm
                     LOOP   0x000004    program     static C:\Users\KVentayen\MPLABXProjects\Part 6.1.X\main.asm



                              Symbols - Sorted by Address
                     Name    Address   Location    Storage File                     
                ---------  ---------  ---------  --------- ---------                
                     INIT   0x000000    program     static C:\Users\KVentayen\MPLABXProjects\Part 6.1.X\main.asm
                     LOOP   0x000004    program     static C:\Users\KVentayen\MPLABXProjects\Part 6.1.X\main.asm
                    DELAY   0x000009    program     static C:\Users\KVentayen\MPLABXProjects\Part 6.1.X\main.asm
               DELAY_LOOP   0x00000c    program     static C:\Users\KVentayen\MPLABXProjects\Part 6.1.X\main.asm


